gcc -g p11final.c
 ./a.out
Enter the value of n
3
Enter the imaginary number
7 9
Enter the imaginary number
2 4
Enter the imaginary number
1 3
7+9i
2+4i
1+3i
=10+16i
 gdb a.out
GNU gdb (Ubuntu 8.1.1-0ubuntu1) 8.1.1
Copyright (C) 2018 Free Software Foundation, Inc.
License GPLv3+: GNU GPL version 3 or later <http://gnu.org/licenses/gpl.html>
This is free software: you are free to change and redistribute it.
There is NO WARRANTY, to the extent permitted by law.  Type "show copying"
and "show warranty" for details.
This GDB was configured as "x86_64-linux-gnu".
Type "show configuration" for configuration details.
For bug reporting instructions, please see:
<http://www.gnu.org/software/gdb/bugs/>.
Find the GDB manual and other documentation resources online at:
<http://www.gnu.org/software/gdb/documentation/>.
For help, type "help".
Type "apropos word" to search for commands related to "word"...
Reading symbols from a.out...done.
(gdb) b main
Breakpoint 1 at 0x990: file p11final.c, line 52.
(gdb) r
Starting program: /home/runner/pps-test1-Fariha12t-1/a.out 
warning: Error disabling address space randomization: Operation not permitted

Breakpoint 1, main () at p11final.c:52
52  {
(gdb) n
55    n=get_n();
(gdb) s
get_n () at p11final.c:7
7   {
(gdb) n
9     printf("Enter the value of n\n");
(gdb) n
Enter the value of n
10    scanf("%d", &n);
(gdb) n
3
11    return n;
(gdb) n
12  }
(gdb) n
main () at p11final.c:56
56    struct complex c[n];
(gdb) s
57    input_n_complex(n,c);
(gdb) n
Enter the imaginary number
4 5
Enter the imaginary number
6 7
Enter the imaginary number
7 8
58    sum=add_n_complex(n,c);
(gdb) n
59    output(n,c,sum);
(gdb) n
4+5i
6+7i
7+8i
=17+20i
60    return 0;
(gdb) q
A debugging session is active.

    Inferior 1 [process 288] will be killed.

Quit anyway? (y or n) y

